// Jest Snapshot v1, https://goo.gl/fbAQLP

exports[`コンポーネントが描画されること 1`] = `
<div
  className="member"
>
  <div
    className="member-title"
  >
    <p
      className="member-title-jp"
    >
      紡ギ人
    </p>
    <p
      className="member-title-en"
    >
      Members
    </p>
  </div>
  <div
    className="member-cell"
  >
    <div
      className="member-card"
    >
      <div
        className="member-profile-left"
      >
        <picture>
          <source
            srcSet="sample.webp"
            type="image/webp"
          />
          <img
            alt="icon"
            src="sample.jpeg"
          />
        </picture>
        <p
          className="name"
        >
          test
        </p>
        <p>
          使用機材: 
          fuga
        </p>
        <a
          href="http://sample.com/"
          rel="noopener noreferrer"
          target="_blank"
        >
          <span
            aria-label="twitter"
            className="anticon anticon-twitter"
            role="img"
          >
            <svg
              aria-hidden="true"
              data-icon="twitter"
              fill="currentColor"
              focusable="false"
              height="1em"
              viewBox="64 64 896 896"
              width="1em"
            >
              <path
                d="M928 254.3c-30.6 13.2-63.9 22.7-98.2 26.4a170.1 170.1 0 0075-94 336.64 336.64 0 01-108.2 41.2A170.1 170.1 0 00672 174c-94.5 0-170.5 76.6-170.5 170.6 0 13.2 1.6 26.4 4.2 39.1-141.5-7.4-267.7-75-351.6-178.5a169.32 169.32 0 00-23.2 86.1c0 59.2 30.1 111.4 76 142.1a172 172 0 01-77.1-21.7v2.1c0 82.9 58.6 151.6 136.7 167.4a180.6 180.6 0 01-44.9 5.8c-11.1 0-21.6-1.1-32.2-2.6C211 652 273.9 701.1 348.8 702.7c-58.6 45.9-132 72.9-211.7 72.9-14.3 0-27.5-.5-41.2-2.1C171.5 822 261.2 850 357.8 850 671.4 850 843 590.2 843 364.7c0-7.4 0-14.8-.5-22.2 33.2-24.3 62.3-54.4 85.5-88.2z"
              />
            </svg>
          </span>
        </a>
      </div>
      <div
        className="member-profile-right"
      >
        <div
          style={
            Object {
              "backgroundColor": "#000",
              "border": "0",
              "display": "block",
              "height": 337.92,
              "margin": "0",
              "overflow": "hidden",
              "padding": "0",
              "width": 512,
            }
          }
        >
          <div
            style={
              Object {
                "border": "0",
                "display": "block",
                "height": 337.92,
                "margin": "0",
                "overflow": "hidden",
                "padding": "0",
                "position": "absolute",
                "width": 512,
              }
            }
          >
            <div
              className="rsis-container"
              onClick={[Function]}
              style={
                Object {
                  "border": "0",
                  "display": "block",
                  "height": "100%",
                  "left": 0,
                  "margin": "0",
                  "padding": "0",
                  "position": "absolute",
                  "top": 0,
                  "width": "100%",
                }
              }
            >
              <div
                className="rsis-image"
                onTransitionEnd={[Function]}
                style={
                  Object {
                    "backgroundImage": "url(sample.jpeg)",
                    "backgroundSize": "cover",
                    "height": "100%",
                    "left": 0,
                    "overflow": "hidden",
                    "position": "absolute",
                    "top": 0,
                    "transform": "translate3d(0%, 0px, 0px)",
                    "transition": "0.5s",
                    "width": "100%",
                  }
                }
              />
            </div>
          </div>
        </div>
      </div>
    </div>
  </div>
</div>
`;
